[wss.kseb.in/selfservices/index.html]
[backblue.gif]
[fade.gif]
[index.html]
[wss.kseb.in/selfservices/resources/favkseb/apple-touch-icon-57x57.png]
[wss.kseb.in/selfservices/resources/favkseb/apple-touch-icon-114x114.png]
[wss.kseb.in/selfservices/resources/favkseb/apple-touch-icon-72x72.png]
[wss.kseb.in/selfservices/resources/favkseb/apple-touch-icon-144x144.png]
[wss.kseb.in/selfservices/resources/favkseb/apple-touch-icon-60x60.png]
[wss.kseb.in/selfservices/resources/favkseb/apple-touch-icon-120x120.png]
[wss.kseb.in/selfservices/resources/favkseb/apple-touch-icon-76x76.png]
[wss.kseb.in/selfservices/resources/favkseb/apple-touch-icon-152x152.png]
[wss.kseb.in/selfservices/resources/favkseb/favicon-196x196.png]
[wss.kseb.in/selfservices/resources/favkseb/favicon-96x96.png]
[wss.kseb.in/selfservices/resources/favkseb/favicon-32x32.png]
[wss.kseb.in/selfservices/resources/favkseb/favicon-16x16.png]
[wss.kseb.in/selfservices/resources/favkseb/favicon-128.png]
[wss.kseb.in/selfservices/resources/favkseb/mstile-144x144.png]
[wss.kseb.in/selfservices/resources/favkseb/mstile-70x70.png]
[wss.kseb.in/selfservices/resources/favkseb/mstile-150x150.png]
[wss.kseb.in/selfservices/resources/favkseb/mstile-310x150.png]
[wss.kseb.in/selfservices/resources/favkseb/mstile-310x310.png]
[wss.kseb.in/selfservices/resources/CSS/Bootstrap/bootstrap.css]
[wss.kseb.in/selfservices/resources/CSS/homeV12.css]
[wss.kseb.in/selfservices/resources/css_payment/CSS/screenV11.css]
[wss.kseb.in/selfservices/resources/CSS/enzen.css]
[wss.kseb.in/selfservices/resources/CSS/fonts.css]
[wss.kseb.in/selfservices/resources/CSS/Components/UI.css]
[wss.kseb.in/selfservices/resources/CSS/Components/jquery-ui.css]
[kit-free.fontawesome.com/releases/v5.13.0/css/free-v4-shims.min.css]
[kit-free.fontawesome.com/releases/v5.13.0/css/free-v4-font-face.min.css]
[kit-free.fontawesome.com/releases/v5.13.0/css/free.min.css]
[wss.kseb.in/selfservices/resources/JS/jquery.min.js]
[wss.kseb.in/selfservices/resources/css_payment/JS/crawler.js]
[wss.kseb.in/selfservices/resources/JS/jquery-migrate-1.2.1.js]
[wss.kseb.in/selfservices/resources/JS/bootstrap.min.js]
[wss.kseb.in/selfservices/resources/JS/mobilemenu.js]
[wss.kseb.in/selfservices/resources/JS/Components/jquery-ui.min.js]
[wss.kseb.in/selfservices/resources/Images/misc/KSEB_WSS_Logo.png]
[wss.kseb.in/selfservices/resources/Images/misc/logo_mob.png]
[wss.kseb.in/selfservices/resources/Images/icons/phone_icon.png]
[wss.kseb.in/selfservices/wssloginUser.html]
[wss.kseb.in/selfservices/quickpay.html]
[wss.kseb.in/selfservices/displayAnonymousComplaintStatus.html]
[wss.kseb.in/selfservices/showAnonymousComplaint.html]
[wss.kseb.in/selfservices/ncsLogin.html]
[wss.kseb.in/selfservices/ncHome.html]
[wss.kseb.in/selfservices/userGuide.html]
[wss.kseb.in/selfservices/resources/JS/Components/slick.min.js]
[wss.kseb.in/selfservices/resources/CSS/Components/slick.css]
[wss.kseb.in/selfservices/resources/CSS/Components/slick-theme.css]
[wss.kseb.in/selfservices/resources/CSS/Components/slick_home.css]
[wss.kseb.in/selfservices/resources/JS/home.js]
[wss.kseb.in/selfservices/sbp.html]
[live.staticflickr.com/65535/49862096512_5e34f5f66d_c.jpg]
[live.staticflickr.com/65535/49859779986_2b67ed2783_c.jpg]
[live.staticflickr.com/65535/49860091727_336f212b11_c.jpg]
[live.staticflickr.com/65535/49860092852_6cba6ef0ba_c.jpg]
[live.staticflickr.com/65535/49859244963_f034b18149_c.jpg]
[wss.kseb.in/selfservices/wss-registerForm.html]
[wss.kseb.in/selfservices/resources/Images/icons/refresh_icon.png]
[wss.kseb.in/selfservices/resources/JS/Components/placeholders.min.js]
[wss.kseb.in/selfservices/resources/JS/Components/forgotV2.js]
[wss.kseb.in/selfservices/resources/CSS/signin.css]
[wss.kseb.in/selfservices/resources/CSS/Components/jquery-confirm.min.css]
[wss.kseb.in/selfservices/index.html]
[wss.kseb.in/selfservices/resources/JS/Components/jquery-confirm.min.js]
[wss.kseb.in/selfservices/resources/CSS/fonts/glyphicons-halflings-regular.eot]
[wss.kseb.in/selfservices/resources/CSS/fonts/glyphicons-halflings-regulard41d.eot]
[wss.kseb.in/selfservices/resources/CSS/fonts/glyphicons-halflings-regular.woff]
[wss.kseb.in/selfservices/resources/CSS/fonts/glyphicons-halflings-regular.ttf]
[wss.kseb.in/selfservices/resources/CSS/Bootstrap/bootstrap.css]
[wss.kseb.in/selfservices/resources/Images/icons/loginErrorMessenger_Icon.png]
[wss.kseb.in/selfservices/resources/PIE/PIE.html]
[wss.kseb.in/selfservices/resources/Images/icons/sprite02.png]
[wss.kseb.in/selfservices/resources/Images/icons/Info.png]
[wss.kseb.in/selfservices/resources/Images/icons/homeBlurb_sprite.png]
[wss.kseb.in/selfservices/resources/Images/banner/banner_bg.png]
[wss.kseb.in/selfservices/resources/Images/misc/homeLeftBlurb_bg.png]
[wss.kseb.in/selfservices/resources/Images/misc/UserLoginCurvedBG.png]
[wss.kseb.in/selfservices/resources/Images/misc/PHmainBG.png]
[wss.kseb.in/selfservices/resources/Images/icons/down.png]
[wss.kseb.in/selfservices/resources/Images/icons/arrow-up.png]
[wss.kseb.in/selfservices/resources/Images/icons/NewConnectionsSprite.png]
[wss.kseb.in/selfservices/resources/Images/icons/accordionIcons.png]
[wss.kseb.in/selfservices/resources/Images/icons/accordionIcons2.png]
[wss.kseb.in/selfservices/resources/Images/icons/icon-ok.png]
[wss.kseb.in/selfservices/resources/Images/icons/next_button.png]
[wss.kseb.in/selfservices/resources/Images/icons/prv_button.png]
[wss.kseb.in/selfservices/resources/Images/icons/Consumer_icons.png]
[wss.kseb.in/selfservices/resources/Images/misc/01.png]
[wss.kseb.in/selfservices/resources/Images/misc/02.png]
[wss.kseb.in/selfservices/resources/Images/misc/011.png]
[wss.kseb.in/selfservices/resources/Images/misc/022.png]
[wss.kseb.in/selfservices/resources/Images/misc/03.png]
[wss.kseb.in/selfservices/resources/Images/misc/04.png]
[wss.kseb.in/selfservices/resources/Images/icons/RBCB.png]
[wss.kseb.in/selfservices/resources/css_payment/Images/icons/homeBlurb_sprite.png]
[wss.kseb.in/selfservices/resources/CSS/homeV12.css]
[wss.kseb.in/selfservices/resources/Images/icons/iconMobMenu.png]
[wss.kseb.in/selfservices/resources/Images/icons/sidemenu_btn.png]
[wss.kseb.in/selfservices/resources/css_payment/Images/icons/sprite02.png]
[wss.kseb.in/selfservices/resources/css_payment/CSS/screenV11.css]
[wss.kseb.in/selfservices/resources/Images/icons/icon_top.png]
[wss.kseb.in/selfservices/resources/Images/icons/calender.png]
[wss.kseb.in/selfservices/resources/css_payment/Images/icons/iconMarquee.png]
[wss.kseb.in/selfservices/resources/CSS/enzen.css]
[wss.kseb.in/selfservices/resources/Fonts/ptn57f-webfont-webfont.eot]
[wss.kseb.in/selfservices/resources/Fonts/ptn57f-webfont-webfontd41d.eot]
[wss.kseb.in/selfservices/resources/Fonts/ptn57f-webfont-webfont.ttf]
[wss.kseb.in/selfservices/resources/Fonts/rupi_foradian-webfont.eot]
[wss.kseb.in/selfservices/resources/Fonts/rupi_foradian-webfontd41d.eot]
[wss.kseb.in/selfservices/resources/Fonts/rupi_foradian-webfont.woff]
[wss.kseb.in/selfservices/resources/Fonts/rupi_foradian-webfont.ttf]
[wss.kseb.in/selfservices/resources/CSS/fonts.css]
[wss.kseb.in/selfservices/resources/CSS/Components/UI.css]
[wss.kseb.in/selfservices/resources/CSS/Components/jquery-ui.css]
[kit-free.fontawesome.com/releases/v5.13.0/css/free-v4-shims.min.css]
[kit-free.fontawesome.com/releases/v5.13.0/css/free-v4-font-face.min.css]
[kit-free.fontawesome.com/releases/v5.13.0/css/free.min.css]
[wss.kseb.in/selfservices/wssloginUser.html]
[wss.kseb.in/selfservices/resources/CSS/Bootstrap/bootstrap-switch.css]
[wss.kseb.in/selfservices/resources/CSS/ksebV11.css]
[wss.kseb.in/selfservices/resources/Images/icons/Tooltip_QIcon.png]
[wss.kseb.in/selfservices/resources/JavaScript_Files/parsley.js]
[wss.kseb.in/selfservices/resources/JavaScript_Files/parsley.extend.js]
[wss.kseb.in/selfservices/quickpay.html]
[wss.kseb.in/selfservices/resources/JS/Components/multiple-accordion.js]
[wss.kseb.in/selfservices/showAnonymousComplaint.html]
[wss.kseb.in/selfservices/displayAnonymousComplaintStatus.html]
[wss.kseb.in/selfservices/resources/JS/Components/signinV11.js]
[wss.kseb.in/selfservices/resources/CSS/ncs.css]
[wss.kseb.in/selfservices/ncsLogin.html]
[wss.kseb.in/selfservices/resources/JS/Components/assets/owl.carousel.min.css]
[wss.kseb.in/selfservices/resources/JS/Components/assets/owl.theme.default.min.css]
[wss.kseb.in/selfservices/resources/JS/Components/owl.carousel.min.js]
[live.staticflickr.com/65535/49859315268_097897220c_o.jpg]
[live.staticflickr.com/65535/49860161677_3e62463d4f_o.jpg]
[live.staticflickr.com/65535/49859851986_62a4a7feb1_o.jpg]
[live.staticflickr.com/65535/49859851926_1e45150eb6_o.jpg]
[wss.kseb.in/selfservices/resources/Images/icons/ncs/idea.png]
[wss.kseb.in/selfservices/resources/Images/icons/ncs/chk-status.png]
[wss.kseb.in/selfservices/ncForms.html]
[wss.kseb.in/selfservices/resources/Images/icons/ncs/document.png]
[wss.kseb.in/selfservices/resources/Images/icons/ncs/credit-card.png]
[wss.kseb.in/selfservices/ncSla.html]
[wss.kseb.in/selfservices/resources/Images/icons/ncs/hourglass.png]
[wss.kseb.in/selfservices/resources/Images/icons/ncs/Ease-of-doing-business-Icon.png]
[wss.kseb.in/selfservices/resources/Images/icons/ncs/solar-panel.png]
[wss.kseb.in/selfservices/resources/Images/icons/ncs/smartphone.png]
[wss.kseb.in/selfservices/resources/CSS/ncsV14.css]
[wss.kseb.in/selfservices/ncHome.html]
[wss.kseb.in/selfservices/resources/css_payment/CSS/screenV12.css]
[wss.kseb.in/selfservices/resources/JS/modernizr.min.js]
[wss.kseb.in/selfservices/userRegsGuide.html]
[wss.kseb.in/selfservices/updateUserpref.html]
[wss.kseb.in/selfservices/regUnRegCons.html]
[wss.kseb.in/selfservices/faqs.html]
[wss.kseb.in/selfservices/qkGuide.html]
[wss.kseb.in/selfservices/viewBillsPay.html]
[wss.kseb.in/selfservices/billHisGuide.html]
[wss.kseb.in/selfservices/complaintsGuide.html]
[wss.kseb.in/selfservices/updateConsumerPrefs.html]
[wss.kseb.in/selfservices/resources/JS/jquery.slicknav.js]
[wss.kseb.in/selfservices/resources/JSIE8/html5media.min.js]
[wss.kseb.in/selfservices/userGuide.html]
[wss.kseb.in/selfservices/resources/CSS/Components/slick.css]
[wss.kseb.in/selfservices/resources/Images/icons/processing.gif]
[wss.kseb.in/selfservices/resources/Fonts/slick.eot]
[wss.kseb.in/selfservices/resources/Fonts/slickd41d.eot]
[wss.kseb.in/selfservices/resources/Fonts/slick.woff]
[wss.kseb.in/selfservices/resources/Fonts/slick.ttf]
[wss.kseb.in/selfservices/resources/Images/icons/button_left.png]
[wss.kseb.in/selfservices/resources/Images/icons/button_right.png]
[wss.kseb.in/selfservices/resources/CSS/Components/slick-theme.css]
[wss.kseb.in/selfservices/resources/CSS/Components/slick_home.css]
[live.staticflickr.com/65535/49859851696_3840a85f6c_o.jpg]
[wss.kseb.in/selfservices/forgot_password.html]
[wss.kseb.in/selfservices/resources/CSS/ffkV14.css]
[wss.kseb.in/selfservices/resources/JS/ffkV14.js]
[wss.kseb.in/selfservices/sbp.html]
[wss.kseb.in/selfservices/resources/CSS/magnific-popup.css]
[wss.kseb.in/selfservices/resources/Images/icons/loading.gif]
[wss.kseb.in/selfservices/resources/Images/icons/star.png]
[wss.kseb.in/selfservices/resources/JS/Components/jquery-ui.js]
[wss.kseb.in/selfservices/wss-registerForm.html]
[wss.kseb.in/selfservices/resources/JS/Components/jquery.magnific-popup.min.js]
[wss.kseb.in/selfservices/resources/CSS/signin.css]
[wss.kseb.in/selfservices/resources/CSS/Components/jquery-confirm.min.css]
[wss.kseb.in/selfservices/resources/CSS/fonts/glyphicons-halflings-regular.svg]
[wss.kseb.in/selfservices/resources/PIE/PIE.html]
[wss.kseb.in/selfservices/resources/Fonts/ptn57f-webfont-webfont.svg]
[wss.kseb.in/selfservices/resources/Fonts/rupi_foradian-webfont.svg]
[wss.kseb.in/selfservices/resources/CSS/Bootstrap/bootstrap-switch.css]
[wss.kseb.in/selfservices/resources/CSS/ksebV11.css]
[wss.kseb.in/selfservices/resources/Images/icons/spriteLeftMenu.png]
[wss.kseb.in/images/arrow-prev.aa.delayed]
[wss.kseb.in/images/arrow-next.ab.delayed]
[wss.kseb.in/selfservices/resources/CSS/ncs.css]
[wss.kseb.in/selfservices/resources/JS/Components/assets/owl.video.play.png]
[wss.kseb.in/selfservices/resources/JS/Components/assets/owl.carousel.min.css]
[wss.kseb.in/selfservices/resources/JS/Components/assets/owl.theme.default.min.css]
[wss.kseb.in/selfservices/resources/CSS/ncsV12.css]
[wss.kseb.in/selfservices/ncForms.html]
[wss.kseb.in/selfservices/resources/CSS/Components/select2.min.css]
[wss.kseb.in/selfservices/resources/CSS/Components/select2-bootstrap4.min.css]
[wss.kseb.in/selfservices/resources/JS/Components/select2.full.min.js]
[wss.kseb.in/selfservices/resources/JS/sla.js]
[wss.kseb.in/selfservices/ncSla.html]
[wss.kseb.in/selfservices/resources/CSS/ncsV14.css]
[wss.kseb.in/selfservices/resources/css_payment/CSS/screenV12.css]
[wss.kseb.in/selfservices/userRegsGuide.html]
[wss.kseb.in/selfservices/video.b7.delayed]
[wss.kseb.in/selfservices/updateUserpref.html]
[wss.kseb.in/selfservices/regUnRegCons.html]
[wss.kseb.in/selfservices/faqs.html]
[wss.kseb.in/selfservices/qkGuide.html]
[wss.kseb.in/selfservices/viewBillsPay.html]
[wss.kseb.in/selfservices/billHisGuide.html]
[wss.kseb.in/selfservices/complaintsGuide.html]
[wss.kseb.in/selfservices/updateConsumerPrefs.html]
[wss.kseb.in/selfservices/resources/Fonts/slick.svg]
[wss.kseb.in/selfservices/forgot_password.html]
[wss.kseb.in/selfservices/resources/JavaScript_Files/jquery.js]
[wss.kseb.in/selfservices/resources/Images/icons/ff_icon.png]
[wss.kseb.in/selfservices/resources/Images/icons/icons-sprite.png]
[wss.kseb.in/selfservices/resources/Images/icons/border-triangle-blue.png]
[wss.kseb.in/selfservices/resources/Images/icons/icons-person.png]
[wss.kseb.in/selfservices/resources/CSS/ffkV14.css]
[wss.kseb.in/selfservices/resources/CSS/magnific-popup.css]
[wss.kseb.in/selfservices/resources/Images/icons/ncs/cd-icon-username.svg]
[wss.kseb.in/selfservices/resources/Images/icons/ncs/cd-icon-email.svg]
[wss.kseb.in/selfservices/resources/Images/icons/ncs/cd-icon-password.svg]
[wss.kseb.in/selfservices/resources/Images/icons/ncs/cd-icon-mobile.svg]
[wss.kseb.in/selfservices/resources/Images/icons/ncs/cd-icon-close.svg]
[wss.kseb.in/images/arrow-prev.html]
[wss.kseb.in/images/arrow-next.html]
[wss.kseb.in/selfservices/resources/Images/icons/ncs/home.svg]
[wss.kseb.in/selfservices/resources/Images/icons/ncs/industry.svg]
[wss.kseb.in/selfservices/resources/CSS/ncsV12.css]
[wss.kseb.in/selfservices/resources/CSS/Components/select2.min.css]
[wss.kseb.in/selfservices/resources/CSS/Components/select2-bootstrap4.min.css]
[wss.kseb.in/selfservices/resources/Images/icons/ncs/form.svg]
[wss.kseb.in/selfservices/resources/Images/icons/ncs/pending.svg]
[wss.kseb.in/selfservices/resources/Images/icons/ncs/kusum.svg]
[wss.kseb.in/selfservices/video.html]
